// Vitest Snapshot v1, https://vitest.dev/guide/snapshot.html

exports[`Ace branding — snapshot label chat kunci > detail chat → src/routes/_authenticated.chat.$conversationId.tsx 1`] = `
[
  "Teruskan via Ace",
]
`;

exports[`Ace branding — snapshot label chat kunci > dialog undang → src/routes/_authenticated.undang.tsx 1`] = `
[
  "\`Tambahkan saya di Ace Chat. PIN: \${formatInviteCode(myCode)}\\n\` + \`Atau buka: \${myUrl}\`;",
  "await navigator.share({ title: "Undangan Ace Chat", text, url: myUrl });",
]
`;

exports[`Ace branding — snapshot label chat kunci > forward (selection toolbar) → src/components/chat/SelectionToolbar.tsx 1`] = `[]`;

exports[`Ace branding — snapshot label chat kunci > kartu kontak → src/components/chat/ProfileQrDialog.tsx 1`] = `[]`;
